data/_specialists.ts(27,22): error TS2307: Cannot find module '../licks' or its corresponding type declarations.
